The mechanism was specified by NASA to have the following functions:
Each pane had an anti-reflective coating and a blue-red reflective coating on the inner surface.
