Ceramic marbles entered inexpensive mass production in the 1870s.
