The armoury room contains stone gargoyles that were carved by the same architect who carved the famous gargoyles of Notre Dame.
It was the meeting grounds for one of many of the crusades that happened throughout Europe.
It is open to the public during the summer.
